[     257ms] [LOG] [Fast Refresh] rebuilding @ http://localhost:3000/_next/static/chunks/0nw9_next_dist_03tt.1w._.js:2432
[     393ms] [LOG] [Fast Refresh] done in 244ms @ http://localhost:3000/_next/static/chunks/0nw9_next_dist_03tt.1w._.js:2432
[    1445ms] [INFO] %cDownload the React DevTools for a better development experience: https://react.dev/link/react-devtools font-weight:bold @ http://localhost:3000/_next/static/chunks/0nw9_next_dist_03tt.1w._.js:2432
[    1517ms] [LOG] [HMR] connected @ http://localhost:3000/_next/static/chunks/0nw9_next_dist_03tt.1w._.js:2432
[    1791ms] [WARNING] The width(-1) and height(-1) of chart should be greater than 0,
       please check the style of container, or the props width(100%) and height(100%),
       or add a minWidth(0) or minHeight(288) or use aspect(undefined) to control the
       height and width. @ http://localhost:3000/_next/static/chunks/0nw9_next_dist_03tt.1w._.js:2432
[    1792ms] [WARNING] The width(-1) and height(-1) of chart should be greater than 0,
       please check the style of container, or the props width(100%) and height(100%),
       or add a minWidth(0) or minHeight(288) or use aspect(undefined) to control the
       height and width. @ http://localhost:3000/_next/static/chunks/0nw9_next_dist_03tt.1w._.js:2432
[    1803ms] [WARNING] The width(-1) and height(-1) of chart should be greater than 0,
       please check the style of container, or the props width(100%) and height(100%),
       or add a minWidth(0) or minHeight(288) or use aspect(undefined) to control the
       height and width. @ http://localhost:3000/_next/static/chunks/0nw9_next_dist_03tt.1w._.js:2432
[    1803ms] [WARNING] The width(-1) and height(-1) of chart should be greater than 0,
       please check the style of container, or the props width(100%) and height(100%),
       or add a minWidth(0) or minHeight(288) or use aspect(undefined) to control the
       height and width. @ http://localhost:3000/_next/static/chunks/0nw9_next_dist_03tt.1w._.js:2432
