[     312ms] [LOG] [Fast Refresh] rebuilding @ http://localhost:3000/_next/static/chunks/0nw9_next_dist_03tt.1w._.js:2432
[     411ms] [LOG] [Fast Refresh] done in 211ms @ http://localhost:3000/_next/static/chunks/0nw9_next_dist_03tt.1w._.js:2432
[     522ms] [LOG] [Fast Refresh] rebuilding @ http://localhost:3000/_next/static/chunks/0nw9_next_dist_03tt.1w._.js:2432
[     607ms] [LOG] [Fast Refresh] done in 195ms @ http://localhost:3000/_next/static/chunks/0nw9_next_dist_03tt.1w._.js:2432
[    2075ms] [INFO] %cDownload the React DevTools for a better development experience: https://react.dev/link/react-devtools font-weight:bold @ http://localhost:3000/_next/static/chunks/0nw9_next_dist_03tt.1w._.js:2432
[    2128ms] [LOG] [HMR] connected @ http://localhost:3000/_next/static/chunks/0nw9_next_dist_03tt.1w._.js:2432
[    2487ms] [LOG] [Fast Refresh] rebuilding @ http://localhost:3000/_next/static/chunks/0nw9_next_dist_03tt.1w._.js:2432
[    2681ms] [LOG] [Fast Refresh] done in 334ms @ http://localhost:3000/_next/static/chunks/0nw9_next_dist_03tt.1w._.js:2432
[  411678ms] [LOG] [Fast Refresh] rebuilding @ http://localhost:3000/_next/static/chunks/0nw9_next_dist_03tt.1w._.js:2432
[  411681ms] [LOG] [Fast Refresh] done in 189ms @ http://localhost:3000/_next/static/chunks/0nw9_next_dist_03tt.1w._.js:2432
[  583167ms] [ERROR] WebSocket connection to 'ws://localhost:3000/_next/webpack-hmr?id=ZVosQ-Jwu-be-F0OaHnpW' failed: Error in connection establishment: net::ERR_CONNECTION_REFUSED @ http://localhost:3000/_next/static/chunks/0nw9_next_dist_client_115gv7q._.js:13308
[  586524ms] [ERROR] WebSocket connection to 'ws://localhost:3000/_next/webpack-hmr?id=ZVosQ-Jwu-be-F0OaHnpW' failed: Error in connection establishment: net::ERR_CONNECTION_REFUSED @ http://localhost:3000/_next/static/chunks/0nw9_next_dist_client_115gv7q._.js:13308
[  589885ms] [ERROR] WebSocket connection to 'ws://localhost:3000/_next/webpack-hmr?id=ZVosQ-Jwu-be-F0OaHnpW' failed: Error in connection establishment: net::ERR_CONNECTION_REFUSED @ http://localhost:3000/_next/static/chunks/0nw9_next_dist_client_115gv7q._.js:13308
[  603803ms] [LOG] [HMR] connected @ http://localhost:3000/_next/static/chunks/0nw9_next_dist_03tt.1w._.js:2432
[  611527ms] [INFO] %cDownload the React DevTools for a better development experience: https://react.dev/link/react-devtools font-weight:bold @ http://localhost:3000/_next/static/chunks/0nw9_next_dist_03tt.1w._.js:2432
[  611542ms] [LOG] [HMR] connected @ http://localhost:3000/_next/static/chunks/0nw9_next_dist_03tt.1w._.js:2432
[ 1264404ms] [LOG] [Fast Refresh] rebuilding @ http://localhost:3000/_next/static/chunks/0nw9_next_dist_03tt.1w._.js:2432
[ 1264600ms] [LOG] [Fast Refresh] done in 303ms @ http://localhost:3000/_next/static/chunks/0nw9_next_dist_03tt.1w._.js:2432
[ 1265394ms] [LOG] [Fast Refresh] rebuilding @ http://localhost:3000/_next/static/chunks/0nw9_next_dist_03tt.1w._.js:2432
[ 1265577ms] [LOG] [Fast Refresh] done in 284ms @ http://localhost:3000/_next/static/chunks/0nw9_next_dist_03tt.1w._.js:2432
[ 1266039ms] [LOG] [Fast Refresh] rebuilding @ http://localhost:3000/_next/static/chunks/0nw9_next_dist_03tt.1w._.js:2432
[ 1266079ms] [LOG] [Fast Refresh] done in 145ms @ http://localhost:3000/_next/static/chunks/0nw9_next_dist_03tt.1w._.js:2432
[ 1271646ms] [WARNING] The width(-1) and height(-1) of chart should be greater than 0,
       please check the style of container, or the props width(100%) and height(100%),
       or add a minWidth(0) or minHeight(undefined) or use aspect(undefined) to control the
       height and width. @ http://localhost:3000/_next/static/chunks/0nw9_next_dist_03tt.1w._.js:2432
[ 1271648ms] [WARNING] The width(-1) and height(-1) of chart should be greater than 0,
       please check the style of container, or the props width(100%) and height(100%),
       or add a minWidth(0) or minHeight(undefined) or use aspect(undefined) to control the
       height and width. @ http://localhost:3000/_next/static/chunks/0nw9_next_dist_03tt.1w._.js:2432
