[    1356ms] [INFO] %cDownload the React DevTools for a better development experience: https://react.dev/link/react-devtools font-weight:bold @ http://localhost:3000/_next/static/chunks/0nw9_next_dist_03tt.1w._.js:2432
[    1417ms] [LOG] [HMR] connected @ http://localhost:3000/_next/static/chunks/0nw9_next_dist_03tt.1w._.js:2432
[    1899ms] [WARNING] The width(-1) and height(-1) of chart should be greater than 0,
       please check the style of container, or the props width(100%) and height(100%),
       or add a minWidth(0) or minHeight(288) or use aspect(undefined) to control the
       height and width. @ http://localhost:3000/_next/static/chunks/0nw9_next_dist_03tt.1w._.js:2432
[    1900ms] [WARNING] The width(-1) and height(-1) of chart should be greater than 0,
       please check the style of container, or the props width(100%) and height(100%),
       or add a minWidth(0) or minHeight(288) or use aspect(undefined) to control the
       height and width. @ http://localhost:3000/_next/static/chunks/0nw9_next_dist_03tt.1w._.js:2432
[    1903ms] [WARNING] The width(-1) and height(-1) of chart should be greater than 0,
       please check the style of container, or the props width(100%) and height(100%),
       or add a minWidth(0) or minHeight(288) or use aspect(undefined) to control the
       height and width. @ http://localhost:3000/_next/static/chunks/0nw9_next_dist_03tt.1w._.js:2432
[    1904ms] [WARNING] The width(-1) and height(-1) of chart should be greater than 0,
       please check the style of container, or the props width(100%) and height(100%),
       or add a minWidth(0) or minHeight(288) or use aspect(undefined) to control the
       height and width. @ http://localhost:3000/_next/static/chunks/0nw9_next_dist_03tt.1w._.js:2432
[    1922ms] [WARNING] The width(-1) and height(-1) of chart should be greater than 0,
       please check the style of container, or the props width(100%) and height(100%),
       or add a minWidth(0) or minHeight(288) or use aspect(undefined) to control the
       height and width. @ http://localhost:3000/_next/static/chunks/0nw9_next_dist_03tt.1w._.js:2432
[    1923ms] [WARNING] The width(-1) and height(-1) of chart should be greater than 0,
       please check the style of container, or the props width(100%) and height(100%),
       or add a minWidth(0) or minHeight(288) or use aspect(undefined) to control the
       height and width. @ http://localhost:3000/_next/static/chunks/0nw9_next_dist_03tt.1w._.js:2432
