
 RUN  v4.1.5 C:/Users/mamdo/Desktop/rahmatherapy - Copy/rahmatherapy-next-refactor

stdout | redesign/evidence/post-band-c-impl/item-2/R2-scratch/char-check.test.tsx > char-level diagnostic (current/unfixed source) > dumps exact textContent and apostrophe/quote char codes
EXACT_TEXT_JSON:"6. How long we keep itOur policy is to keep booking and treatment records for 7 years after your last visit with us. If you make an enquiry that doesn't turn into a booking, we keep it for around 12 months. Analytics information, where you've given consent for it, is kept according to Google's own retention settings."
H3_JSON:"6. How long we keep it"
P_JSON:"Our policy is to keep booking and treatment records for 7 years after your last visit with us. If you make an enquiry that doesn't turn into a booking, we keep it for around 12 months. Analytics information, where you've given consent for it, is kept according to Google's own retention settings."
BOUNDARY:"ep it|Our p"
APOS_doesnt_charCode:39 char='
APOS_youve_charCode:39 char='
APOS_googles_charCode:39 char='

 ❯ redesign/evidence/post-band-c-impl/item-2/R2-scratch/char-check.test.tsx (1 test | 1 failed) 30ms
     × dumps exact textContent and apostrophe/quote char codes 28ms

⎯⎯⎯⎯⎯⎯⎯ Failed Tests 1 ⎯⎯⎯⎯⎯⎯⎯

 FAIL  redesign/evidence/post-band-c-impl/item-2/R2-scratch/char-check.test.tsx > char-level diagnostic (current/unfixed source) > dumps exact textContent and apostrophe/quote char codes
AssertionError: expected '{"text":"6. How long we keep itOur po…' to be '__FORCE_FAIL_TO_SHOW_DUMP__' // Object.is equality

Expected: "__FORCE_FAIL_TO_SHOW_DUMP__"
Received: "{"text":"6. How long we keep itOur policy is to keep booking and treatment records for 7 years after your last visit with us. If you make an enquiry that doesn't turn into a booking, we keep it for around 12 months. Analytics information, where you've given consent for it, is kept according to Google's own retention settings.","h3":"6. How long we keep it","p":"Our policy is to keep booking and treatment records for 7 years after your last visit with us. If you make an enquiry that doesn't turn into a booking, we keep it for around 12 months. Analytics information, where you've given consent for it, is kept according to Google's own retention settings.","boundary":"ep it|Our p","aposDoesnt":39,"aposYouve":39,"aposGoogles":39}"

 ❯ redesign/evidence/post-band-c-impl/item-2/R2-scratch/char-check.test.tsx:44:18
     42|     // Force failure so the dump is guaranteed visible in the diff out…
     43|     // regardless of console-log capture behavior.
     44|     expect(dump).toBe("__FORCE_FAIL_TO_SHOW_DUMP__");
       |                  ^
     45|   });
     46| });

⎯⎯⎯⎯⎯⎯⎯⎯⎯⎯⎯⎯⎯⎯⎯⎯⎯⎯⎯⎯⎯⎯⎯⎯[1/1]⎯


 Test Files  1 failed | 2 skipped (3)
      Tests  1 failed | 10 skipped (11)
   Start at  19:14:09
   Duration  1.35s (transform 283ms, setup 0ms, import 1.02s, tests 30ms, environment 2.32s)

